sending incremental file list
.d..tp..... ./
>f..tp..... .dockerignore
>f.stp..... .gitignore
>f..tp..... AutoHotkey_2.0.21_setup.exe
>f..tp..... Complaints_m.code-workspace
>f..tp..... Dockerfile
>f..tp..... api.js
>f..tp..... app.js
>f+++++++++ auth-scope-policy-utils.js
>f..tp..... auto-type-complaint.ahk
>f+++++++++ case-status-badge-utils.js
>f+++++++++ case-status-constants.js
>f+++++++++ context-nav-model-utils.js
>f+++++++++ date-text-utils.js
>f..tp..... dialog.png
>f+++++++++ directory-category-constants.js
>f+++++++++ display-format-utils.js
>f..tp..... docker-compose.yml
>f..tp..... favicon.svg
>f+++++++++ file-preview-display-utils.js
>f+++++++++ filter-option-derivation-utils.js
>f+++++++++ fixed-variables-config.js
>f..tp..... index.html
>f+++++++++ label-lookup-utils.js
>f+++++++++ list-filter-query-utils.js
>f+++++++++ mime-preview-lookup-utils.js
>f..tp..... package-lock.json
>f..tp..... package.json
>f+++++++++ preview-markup-template-utils.js
>f+++++++++ preview-text-format-utils.js
>f+++++++++ readonly-ui-decision-utils.js
>f+++++++++ safe-modules-boundary.js
>f..tp..... styles.css
>f+++++++++ submit-workspace-precondition-utils.js
>f+++++++++ template-workspace-derivation-utils.js
>f+++++++++ text-display-utils.js
>f..tp..... tsc
>f..tp..... tsconfig.json
>f+++++++++ variable-template-transform-utils.js
>f+++++++++ workspace-status-progress-text-utils.js
.d..tp..... .vscode/
>f.stp..... .vscode/extensions.json
.d..tp..... _server_audit/
>f+++++++++ _server_audit/inventory.md
.d..tp..... docs/
>f..tp..... docs/README.md
.d..tp..... docs/00-overview/
>f..tp..... docs/00-overview/README.md
>f..tp..... docs/00-overview/decisions-summary.md
>f..tp..... docs/00-overview/glossary.md
>f..tp..... docs/00-overview/system-context.md
.d..tp..... docs/01-product/
>f..tp..... docs/01-product/key-user-flows.md
>f..tp..... docs/01-product/known-limitations.md
>f..tp..... docs/01-product/product-scope.md
>f..tp..... docs/01-product/user-roles-and-permissions.md
.d..tp..... docs/02-architecture/
>f..tp..... docs/02-architecture/architecture-overview.md
>f..tp..... docs/02-architecture/backend-architecture.md
>f..tp..... docs/02-architecture/frontend-architecture.md
>f..tp..... docs/02-architecture/integration-map.md
>f..tp..... docs/02-architecture/state-and-fsm.md
.d..tp..... docs/03-codebase-map/
>f..tp..... docs/03-codebase-map/api-surface-map.md
>f..tp..... docs/03-codebase-map/module-index-backend.md
>f..tp..... docs/03-codebase-map/module-index-frontend.md
>f..tp..... docs/03-codebase-map/repository-structure.md
>f..tp..... docs/03-codebase-map/source-of-truth-and-legacy-folders.md
.d..tp..... docs/04-data/
>f..tp..... docs/04-data/data-model.md
>f..tp..... docs/04-data/migrations-and-sql.md
>f..tp..... docs/04-data/schema-reference.md
>f..tp..... docs/04-data/status-model-and-filters.md
.d..tp..... docs/05-api/
>f..tp..... docs/05-api/api-contract.md
>f..tp..... docs/05-api/auth-contract.md
>f..tp..... docs/05-api/curl-smoke-examples.md
>f..tp..... docs/05-api/endpoints-by-domain.md
>f..tp..... docs/05-api/error-model.md
.d..tp..... docs/06-infrastructure/
>f..tp..... docs/06-infrastructure/backup-and-restore.md
>f..tp..... docs/06-infrastructure/deployment-runbook.md
>f..tp..... docs/06-infrastructure/docker-and-compose.md
>f..tp..... docs/06-infrastructure/environments.md
>f..tp..... docs/06-infrastructure/nextcloud-integration.md
>f..tp..... docs/06-infrastructure/reverse-proxy-routing.md
.d..tp..... docs/07-operations/
>f..tp..... docs/07-operations/incident-history.md
>f..tp..... docs/07-operations/observability-and-logs.md
>f..tp..... docs/07-operations/runbook-local-dev.md
>f..tp..... docs/07-operations/runbook-server.md
>f..tp..... docs/07-operations/troubleshooting.md
.d..tp..... docs/08-quality/
>f..tp..... docs/08-quality/release-checklist.md
>f..tp..... docs/08-quality/smoke-checks.md
>f..tp..... docs/08-quality/test-strategy.md
>f..tp..... docs/08-quality/verification-checklists.md
.d..tp..... docs/09-contributing/
>f..tp..... docs/09-contributing/branch-and-commit-policy.md
>f..tp..... docs/09-contributing/coding-standards.md
>f..tp..... docs/09-contributing/handover-checklist.md
>f..tp..... docs/09-contributing/onboarding.md
>f..tp..... docs/09-contributing/refactor-boundaries.md
>f..tp..... docs/09-contributing/refactor-roadmap.md
.d..tp..... docs/10-history/
>f..tp..... docs/10-history/auth-transport-incident.md
>f..tp..... docs/10-history/changelog-project.md
>f..tp..... docs/10-history/major-refactors.md
.d..tp..... frontend-utils/
>f..tp..... frontend-utils/constants.js
>f..tp..... frontend-utils/date-helpers.js
>f..tp..... frontend-utils/preview-helpers.js
>f..tp..... frontend-utils/role-scope-helpers.js
>f..tp..... frontend-utils/safe-modules-boundary.js
>f..tp..... frontend-utils/status-helpers.js
>f..tp..... frontend-utils/template-variable-helpers.js
.d..tp..... scripts/
>f..tp..... scripts/deploy-complaints-m.ps1
>f..tp..... scripts/deploy-complaints-m.sh
>f+++++++++ scripts/smoke-check-app-boundary-imports.sh
>f+++++++++ scripts/smoke-check-auth-scope-policy-utils.sh
>f+++++++++ scripts/smoke-check-case-status-badge-utils.sh
>f+++++++++ scripts/smoke-check-context-nav-model-utils.sh
>f+++++++++ scripts/smoke-check-date-text-utils.sh
>f+++++++++ scripts/smoke-check-display-format-utils.sh
>f+++++++++ scripts/smoke-check-extracted-constants.sh
>f+++++++++ scripts/smoke-check-file-preview-display-utils.sh
>f+++++++++ scripts/smoke-check-filter-option-derivation-utils.sh
>f+++++++++ scripts/smoke-check-fixed-variables-config.sh
>f+++++++++ scripts/smoke-check-label-lookup-utils.sh
>f+++++++++ scripts/smoke-check-list-filter-query-utils.sh
>f+++++++++ scripts/smoke-check-mime-preview-lookup-utils.sh
>f+++++++++ scripts/smoke-check-preview-markup-template-utils.sh
>f+++++++++ scripts/smoke-check-preview-text-format-utils.sh
>f+++++++++ scripts/smoke-check-readonly-ui-decision-utils.sh
>f+++++++++ scripts/smoke-check-safe-boundary-completeness.sh
>f+++++++++ scripts/smoke-check-submit-workspace-precondition-utils.sh
>f+++++++++ scripts/smoke-check-template-workspace-derivation-utils.sh
>f+++++++++ scripts/smoke-check-text-display-utils.sh
>f+++++++++ scripts/smoke-check-variable-template-transform-utils.sh
>f+++++++++ scripts/smoke-check-workspace-status-progress-text-utils.sh
>f..tp..... scripts/verify-baseline.ps1
.d..tp..... sql/
>f..tp..... sql/001_init_mvp.sql
.d..tp..... src/
>f..tp..... src/fastify.d.ts
>f..tp..... src/index.ts
.d..tp..... src/config/
>f..tp..... src/config/env.ts
.d..tp..... src/modules/
>f..tp..... src/modules/files.types.ts
.d..tp..... src/modules/admin/
>f..tp..... src/modules/admin/admin-backups.service.ts
.d..tp..... src/modules/auth/
>f..tp..... src/modules/auth/auth.routes.ts
>f..tp..... src/modules/auth/auth.service.ts
>f..tp..... src/modules/auth/auth.types.d.ts
>f..tp..... src/modules/auth/auth.utils.ts
.d..tp..... src/modules/case-config/
>f..tp..... src/modules/case-config/case-config.routes.ts
>f..tp..... src/modules/case-config/case-config.service.ts
>f..tp..... src/modules/case-config/case-config.types.ts
.d..tp..... src/modules/cases/
>f..tp..... src/modules/cases/cases.routes.ts
>f..tp..... src/modules/cases/cases.service.ts
>f..tp..... src/modules/cases/cases.types.ts
.d..tp..... src/modules/db/
>f..tp..... src/modules/db/postgres.health.ts
>f..tp..... src/modules/db/postgres.ts
.d..tp..... src/modules/files/
>f..tp..... src/modules/files/files.routes.ts
>f..tp..... src/modules/files/files.service.ts
>f..tp..... src/modules/files/files.types.ts
.d..tp..... src/modules/fsm/
>f..tp..... src/modules/fsm/fsm.config.ts
>f..tp..... src/modules/fsm/fsm.service.ts
>f..tp..... src/modules/fsm/fsm.types.ts
.d..tp..... src/modules/institutions/
>f..tp..... src/modules/institutions/institutions.routes.ts
>f..tp..... src/modules/institutions/institutions.service.ts
>f..tp..... src/modules/institutions/institutions.types.ts
.d..tp..... src/modules/nextcloud/
>f..tp..... src/modules/nextcloud/nextcloud.client.ts
.d..tp..... src/modules/package/
>f..tp..... src/modules/package/package.routes.ts
>f..tp..... src/modules/package/package.service.ts
>f..tp..... src/modules/package/package.types.ts
.d..tp..... src/modules/redis/
>f..tp..... src/modules/redis/redis.ts
.d..tp..... src/modules/templates/
>f..tp..... src/modules/templates/templates.routes.ts
>f..tp..... src/modules/templates/templates.service.ts
>f..tp..... src/modules/templates/templates.types.ts
.d..tp..... src/modules/text/
>f..tp..... src/modules/text/text.routes.ts
>f..tp..... src/modules/text/text.service.ts
>f..tp..... src/modules/text/text.types.ts
.d..tp..... src/modules/variables/
>f..tp..... src/modules/variables/variables.routes.ts
>f..tp..... src/modules/variables/variables.service.ts
>f..tp..... src/modules/variables/variables.types.ts
.d..tp..... src/scripts/
>f..tp..... src/scripts/create-admin-user.ts
>f..tp..... src/scripts/restore-case-from-nextcloud.ts
.d..tp..... templates/
>f..tp..... templates/blagoustroystvo_templates.txt
>f..tp..... templates/gibdd_templates_legal.txt
>f..tp..... templates/gibdd_templates_strong.txt

sent 4,128,188 bytes  received 3,468 bytes  1,652,662.40 bytes/sec
total size is 4,112,619  speedup is 1.00
